[2026-04-25 16:14:23Z INFO HostContext] No proxy settings were found based on environmental variables (http_proxy/https_proxy/HTTP_PROXY/HTTPS_PROXY)
[2026-04-25 16:14:23Z INFO HostContext] Well known directory 'Bin': '/home/dagmod/DAGMod/actions-runner/bin'
[2026-04-25 16:14:23Z INFO HostContext] Well known directory 'Root': '/home/dagmod/DAGMod/actions-runner'
[2026-04-25 16:14:23Z INFO HostContext] Well known config file 'Credentials': '/home/dagmod/DAGMod/actions-runner/.credentials'
[2026-04-25 16:14:23Z INFO HostContext] Well known directory 'Bin': '/home/dagmod/DAGMod/actions-runner/bin'
[2026-04-25 16:14:23Z INFO HostContext] Well known directory 'Root': '/home/dagmod/DAGMod/actions-runner'
[2026-04-25 16:14:23Z INFO HostContext] Well known config file 'Runner': '/home/dagmod/DAGMod/actions-runner/.runner'
[2026-04-25 16:14:23Z INFO Listener] Runner is built for Linux (X64) - linux-x64.
[2026-04-25 16:14:23Z INFO Listener] RuntimeInformation: Ubuntu 22.04.5 LTS.
[2026-04-25 16:14:23Z INFO Listener] Version: 2.334.0
[2026-04-25 16:14:23Z INFO Listener] Commit: f1995ede5d885c997d13d8eca5467c4ce97fe69c
[2026-04-25 16:14:23Z INFO Listener] Culture: en-US
[2026-04-25 16:14:23Z INFO Listener] UI Culture: en-US
[2026-04-25 16:14:23Z INFO HostContext] Well known directory 'Bin': '/home/dagmod/DAGMod/actions-runner/bin'
[2026-04-25 16:14:23Z INFO HostContext] Well known directory 'Root': '/home/dagmod/DAGMod/actions-runner'
[2026-04-25 16:14:23Z INFO Listener] Validating directory permissions for: '/home/dagmod/DAGMod/actions-runner'
[2026-04-25 16:14:23Z INFO CommandLineParser] Parse
[2026-04-25 16:14:23Z INFO CommandLineParser] Parsing 5 args
[2026-04-25 16:14:23Z INFO CommandLineParser] parsing argument
[2026-04-25 16:14:23Z INFO CommandLineParser] HasArgs: False
[2026-04-25 16:14:23Z INFO CommandLineParser] Adding Command: configure
[2026-04-25 16:14:23Z INFO CommandLineParser] parsing argument
[2026-04-25 16:14:23Z INFO CommandLineParser] HasArgs: True
[2026-04-25 16:14:23Z INFO CommandLineParser] arg: url
[2026-04-25 16:14:23Z INFO CommandLineParser] parsing argument
[2026-04-25 16:14:23Z INFO CommandLineParser] HasArgs: True
[2026-04-25 16:14:23Z INFO CommandLineParser] Adding option 'url': 'https://github.com/hitman20081/DAGMod'
[2026-04-25 16:14:23Z INFO CommandLineParser] parsing argument
[2026-04-25 16:14:23Z INFO CommandLineParser] HasArgs: True
[2026-04-25 16:14:23Z INFO CommandLineParser] arg: token
[2026-04-25 16:14:23Z INFO CommandLineParser] parsing argument
[2026-04-25 16:14:23Z INFO CommandLineParser] HasArgs: True
[2026-04-25 16:14:23Z INFO CommandLineParser] Adding option 'token': '***'
[2026-04-25 16:14:23Z INFO Listener] Arguments parsed
[2026-04-25 16:14:23Z INFO Runner] ExecuteCommand
[2026-04-25 16:14:23Z INFO ConfigurationStore] currentAssemblyLocation: /home/dagmod/DAGMod/actions-runner/bin/Runner.Listener.dll
[2026-04-25 16:14:23Z INFO HostContext] Well known directory 'Bin': '/home/dagmod/DAGMod/actions-runner/bin'
[2026-04-25 16:14:23Z INFO ConfigurationStore] binPath: /home/dagmod/DAGMod/actions-runner/bin
[2026-04-25 16:14:23Z INFO HostContext] Well known directory 'Bin': '/home/dagmod/DAGMod/actions-runner/bin'
[2026-04-25 16:14:23Z INFO HostContext] Well known directory 'Root': '/home/dagmod/DAGMod/actions-runner'
[2026-04-25 16:14:23Z INFO ConfigurationStore] RootFolder: /home/dagmod/DAGMod/actions-runner
[2026-04-25 16:14:23Z INFO HostContext] Well known directory 'Bin': '/home/dagmod/DAGMod/actions-runner/bin'
[2026-04-25 16:14:23Z INFO HostContext] Well known directory 'Root': '/home/dagmod/DAGMod/actions-runner'
[2026-04-25 16:14:23Z INFO HostContext] Well known config file 'Runner': '/home/dagmod/DAGMod/actions-runner/.runner'
[2026-04-25 16:14:23Z INFO ConfigurationStore] ConfigFilePath: /home/dagmod/DAGMod/actions-runner/.runner
[2026-04-25 16:14:23Z INFO HostContext] Well known directory 'Bin': '/home/dagmod/DAGMod/actions-runner/bin'
[2026-04-25 16:14:23Z INFO HostContext] Well known directory 'Root': '/home/dagmod/DAGMod/actions-runner'
[2026-04-25 16:14:23Z INFO HostContext] Well known config file 'MigratedRunner': '/home/dagmod/DAGMod/actions-runner/.runner_migrated'
[2026-04-25 16:14:23Z INFO ConfigurationStore] MigratedConfigFilePath: /home/dagmod/DAGMod/actions-runner/.runner_migrated
[2026-04-25 16:14:23Z INFO HostContext] Well known directory 'Bin': '/home/dagmod/DAGMod/actions-runner/bin'
[2026-04-25 16:14:23Z INFO HostContext] Well known directory 'Root': '/home/dagmod/DAGMod/actions-runner'
[2026-04-25 16:14:23Z INFO HostContext] Well known config file 'Credentials': '/home/dagmod/DAGMod/actions-runner/.credentials'
[2026-04-25 16:14:23Z INFO ConfigurationStore] CredFilePath: /home/dagmod/DAGMod/actions-runner/.credentials
[2026-04-25 16:14:23Z INFO HostContext] Well known directory 'Bin': '/home/dagmod/DAGMod/actions-runner/bin'
[2026-04-25 16:14:23Z INFO HostContext] Well known directory 'Root': '/home/dagmod/DAGMod/actions-runner'
[2026-04-25 16:14:23Z INFO HostContext] Well known config file 'MigratedCredentials': '/home/dagmod/DAGMod/actions-runner/.credentials_migrated'
[2026-04-25 16:14:23Z INFO ConfigurationStore] MigratedCredFilePath: /home/dagmod/DAGMod/actions-runner/.credentials_migrated
[2026-04-25 16:14:23Z INFO HostContext] Well known directory 'Bin': '/home/dagmod/DAGMod/actions-runner/bin'
[2026-04-25 16:14:23Z INFO HostContext] Well known directory 'Root': '/home/dagmod/DAGMod/actions-runner'
[2026-04-25 16:14:23Z INFO HostContext] Well known config file 'Service': '/home/dagmod/DAGMod/actions-runner/.service'
[2026-04-25 16:14:23Z INFO ConfigurationStore] ServiceConfigFilePath: /home/dagmod/DAGMod/actions-runner/.service
[2026-04-25 16:14:23Z INFO CommandSettings] Flag 'help': 'False'
[2026-04-25 16:14:23Z INFO CommandSettings] Flag 'version': 'False'
[2026-04-25 16:14:23Z INFO CommandSettings] Flag 'commit': 'False'
[2026-04-25 16:14:23Z INFO CommandSettings] Flag 'check': 'False'
[2026-04-25 16:14:23Z INFO CommandSettings] Command 'configure': 'True'
[2026-04-25 16:14:23Z INFO Terminal] WRITE LINE: 
[2026-04-25 16:14:23Z INFO Terminal] WRITE LINE: --------------------------------------------------------------------------------
[2026-04-25 16:14:23Z INFO Terminal] WRITE LINE: |        ____ _ _   _   _       _          _        _   _                      |
[2026-04-25 16:14:23Z INFO Terminal] WRITE LINE: |       / ___(_) |_| | | |_   _| |__      / \   ___| |_(_) ___  _ __  ___      |
[2026-04-25 16:14:23Z INFO Terminal] WRITE LINE: |      | |  _| | __| |_| | | | | '_ \    / _ \ / __| __| |/ _ \| '_ \/ __|     |
[2026-04-25 16:14:23Z INFO Terminal] WRITE LINE: |      | |_| | | |_|  _  | |_| | |_) |  / ___ \ (__| |_| | (_) | | | \__ \     |
[2026-04-25 16:14:23Z INFO Terminal] WRITE LINE: |       \____|_|\__|_| |_|\__,_|_.__/  /_/   \_\___|\__|_|\___/|_| |_|___/     |
[2026-04-25 16:14:23Z INFO Terminal] WRITE LINE: |                                                                              |
[2026-04-25 16:14:23Z INFO Terminal] WRITE: |                       
[2026-04-25 16:14:23Z INFO Terminal] WRITE: Self-hosted runner registration
[2026-04-25 16:14:23Z INFO Terminal] WRITE LINE:                         |
[2026-04-25 16:14:23Z INFO Terminal] WRITE LINE: |                                                                              |
[2026-04-25 16:14:23Z INFO Terminal] WRITE LINE: --------------------------------------------------------------------------------
[2026-04-25 16:14:23Z INFO ConfigurationManager] ConfigureAsync
[2026-04-25 16:14:23Z INFO CommandSettings] Flag 'generateServiceConfig': 'False'
[2026-04-25 16:14:23Z INFO ConfigurationStore] IsConfigured()
[2026-04-25 16:14:23Z INFO ConfigurationStore] IsConfigured: False
[2026-04-25 16:14:23Z INFO ConfigurationManager] Is configured: False
[2026-04-25 16:14:23Z INFO CommandSettings] Arg 'url': 'https://github.com/hitman20081/DAGMod'
[2026-04-25 16:14:23Z INFO CommandSettings] Remove url from Arg dictionary.
[2026-04-25 16:14:23Z INFO CommandSettings] Arg 'token': '***'
[2026-04-25 16:14:23Z INFO CommandSettings] Remove token from Arg dictionary.
[2026-04-25 16:14:25Z INFO ConfigurationManager] Http response code: OK from 'POST https://api.github.com/actions/runner-registration' (D8B3:344451:13030B0:4D96C34:69ECE860)
[2026-04-25 16:14:25Z INFO ConfigurationManager] Using runner-admin flow: False
[2026-04-25 16:14:25Z INFO ConfigurationManager] cred retrieved via GitHub auth
[2026-04-25 16:14:25Z INFO RunnerServer] EstablishVssConnection
[2026-04-25 16:14:25Z INFO RunnerServer] Establish connection with 100 seconds timeout.
[2026-04-25 16:14:25Z INFO GitHubActionsService] Starting operation Location.GetConnectionData
[2026-04-25 16:14:25Z INFO RunnerServer] EstablishVssConnection
[2026-04-25 16:14:25Z INFO RunnerServer] Establish connection with 60 seconds timeout.
[2026-04-25 16:14:25Z INFO GitHubActionsService] Starting operation Location.GetConnectionData
[2026-04-25 16:14:25Z INFO RunnerServer] EstablishVssConnection
[2026-04-25 16:14:25Z INFO RunnerServer] Establish connection with 60 seconds timeout.
[2026-04-25 16:14:25Z INFO GitHubActionsService] Starting operation Location.GetConnectionData
[2026-04-25 16:14:26Z INFO GitHubActionsService] Finished operation Location.GetConnectionData
[2026-04-25 16:14:26Z INFO GitHubActionsService] Finished operation Location.GetConnectionData
[2026-04-25 16:14:26Z INFO GitHubActionsService] Finished operation Location.GetConnectionData
[2026-04-25 16:14:27Z INFO Terminal] WRITE LINE: 
[2026-04-25 16:14:27Z INFO ConfigurationManager] Test Connection complete.
[2026-04-25 16:14:27Z INFO HostContext] Well known directory 'Bin': '/home/dagmod/DAGMod/actions-runner/bin'
[2026-04-25 16:14:27Z INFO HostContext] Well known directory 'Root': '/home/dagmod/DAGMod/actions-runner'
[2026-04-25 16:14:27Z INFO HostContext] Well known config file 'RSACredentials': '/home/dagmod/DAGMod/actions-runner/.credentials_rsaparams'
[2026-04-25 16:14:27Z INFO RSAFileKeyManager] Creating new RSA key using 2048-bit key length
[2026-04-25 16:14:27Z INFO RSAFileKeyManager] Successfully saved RSA key parameters to file /home/dagmod/DAGMod/actions-runner/.credentials_rsaparams
[2026-04-25 16:14:27Z INFO RSAFileKeyManager] Which2: 'chmod'
[2026-04-25 16:14:27Z INFO RSAFileKeyManager] Location: '/usr/bin/chmod'
[2026-04-25 16:14:27Z INFO HostContext] Well known directory 'Bin': '/home/dagmod/DAGMod/actions-runner/bin'
[2026-04-25 16:14:27Z INFO HostContext] Well known directory 'Root': '/home/dagmod/DAGMod/actions-runner'
[2026-04-25 16:14:27Z INFO ProcessInvokerWrapper] Starting process:
[2026-04-25 16:14:27Z INFO ProcessInvokerWrapper]   File name: '/usr/bin/chmod'
[2026-04-25 16:14:27Z INFO ProcessInvokerWrapper]   Arguments: '600 /home/dagmod/DAGMod/actions-runner/.credentials_rsaparams'
[2026-04-25 16:14:27Z INFO ProcessInvokerWrapper]   Working directory: '/home/dagmod/DAGMod/actions-runner'
[2026-04-25 16:14:27Z INFO ProcessInvokerWrapper]   Require exit code zero: 'False'
[2026-04-25 16:14:27Z INFO ProcessInvokerWrapper]   Encoding web name:  ; code page: ''
[2026-04-25 16:14:27Z INFO ProcessInvokerWrapper]   Force kill process on cancellation: 'False'
[2026-04-25 16:14:27Z INFO ProcessInvokerWrapper]   Redirected STDIN: 'False'
[2026-04-25 16:14:27Z INFO ProcessInvokerWrapper]   Persist current code page: 'False'
[2026-04-25 16:14:27Z INFO ProcessInvokerWrapper]   Keep redirected STDIN open: 'False'
[2026-04-25 16:14:27Z INFO ProcessInvokerWrapper]   High priority process: 'False'
[2026-04-25 16:14:27Z INFO ProcessInvokerWrapper] Process started with process id 21766, waiting for process exit.
[2026-04-25 16:14:27Z INFO ProcessInvokerWrapper] STDOUT/STDERR stream read finished.
[2026-04-25 16:14:27Z INFO ProcessInvokerWrapper] STDOUT/STDERR stream read finished.
[2026-04-25 16:14:27Z INFO ProcessInvokerWrapper] Finished process 21766 with exit code 0, and elapsed time 00:00:00.0075376.
[2026-04-25 16:14:27Z INFO RSAFileKeyManager] Successfully set permissions for RSA key parameters file /home/dagmod/DAGMod/actions-runner/.credentials_rsaparams
[2026-04-25 16:14:27Z INFO CommandSettings] Arg 'runnergroup': ''
[2026-04-25 16:14:27Z INFO CommandSettings] Flag 'unattended': 'False'
[2026-04-25 16:14:27Z INFO PromptManager] ReadValue
[2026-04-25 16:14:27Z INFO Terminal] WRITE: Enter the name of the runner group to add this runner to: 
[2026-04-25 16:14:27Z INFO Terminal] WRITE: [press Enter for Default] 
[2026-04-25 16:14:27Z INFO Terminal] READ LINE
[2026-04-25 16:14:47Z INFO Terminal] Read value: ''
[2026-04-25 16:14:47Z INFO PromptManager] Falling back to the default: 'Default'
[2026-04-25 16:14:47Z INFO Terminal] WRITE LINE: 
[2026-04-25 16:14:47Z INFO ConfigurationManager] Found a self-hosted runner group with id 1 and name Default
[2026-04-25 16:14:47Z INFO CommandSettings] Flag 'disableupdate': 'False'
[2026-04-25 16:14:47Z INFO CommandSettings] Flag 'ephemeral': 'False'
[2026-04-25 16:14:47Z INFO CommandSettings] Arg 'name': ''
[2026-04-25 16:14:47Z INFO CommandSettings] Flag 'unattended': 'False'
[2026-04-25 16:14:47Z INFO PromptManager] ReadValue
[2026-04-25 16:14:47Z INFO Terminal] WRITE: Enter the name of runner: 
[2026-04-25 16:14:47Z INFO Terminal] WRITE: [press Enter for dagmod-agent] 
[2026-04-25 16:14:47Z INFO Terminal] READ LINE
[2026-04-25 16:15:18Z INFO Terminal] Read value: ''
[2026-04-25 16:15:18Z INFO PromptManager] Falling back to the default: 'dagmod-agent'
[2026-04-25 16:15:18Z INFO Terminal] WRITE LINE: 
[2026-04-25 16:15:18Z INFO CommandSettings] Arg 'labels': ''
[2026-04-25 16:15:18Z INFO CommandSettings] Flag 'unattended': 'False'
[2026-04-25 16:15:18Z INFO PromptManager] ReadValue
[2026-04-25 16:15:18Z INFO Terminal] WRITE: This runner will have the following labels: 'self-hosted', 'Linux', 'X64' 
Enter any additional labels (ex. label-1,label-2): 
[2026-04-25 16:15:18Z INFO Terminal] WRITE: [press Enter to skip] 
[2026-04-25 16:15:18Z INFO Terminal] READ LINE
[2026-04-25 16:15:45Z INFO Terminal] Read value: ''
[2026-04-25 16:15:45Z INFO Terminal] WRITE LINE: 
[2026-04-25 16:15:45Z INFO CommandSettings] Flag 'disableupdate': 'False'
[2026-04-25 16:15:45Z INFO CommandSettings] Flag 'no-default-labels': 'False'
[2026-04-25 16:15:45Z INFO CommandSettings] Flag 'disableupdate': 'False'
[2026-04-25 16:15:45Z INFO CommandSettings] Flag 'ephemeral': 'False'
[2026-04-25 16:15:45Z INFO ConfigurationStore] Saving OAuth credential @ /home/dagmod/DAGMod/actions-runner/.credentials
[2026-04-25 16:15:45Z INFO ConfigurationStore] Credentials Saved.
[2026-04-25 16:15:45Z INFO ConfigurationManager] Service enforced serverUrlV2: https://broker.actions.githubusercontent.com/
[2026-04-25 16:15:45Z INFO ConfigurationManager] Service enforced useV2Flow: True
[2026-04-25 16:15:45Z INFO CommandSettings] Arg 'work': ''
[2026-04-25 16:15:45Z INFO CommandSettings] Flag 'unattended': 'False'
[2026-04-25 16:15:45Z INFO PromptManager] ReadValue
[2026-04-25 16:15:45Z INFO Terminal] WRITE: Enter name of work folder: 
[2026-04-25 16:15:45Z INFO Terminal] WRITE: [press Enter for _work] 
[2026-04-25 16:15:45Z INFO Terminal] READ LINE
[2026-04-25 16:16:02Z INFO Terminal] Read value: ''
[2026-04-25 16:16:02Z INFO PromptManager] Falling back to the default: '_work'
[2026-04-25 16:16:02Z INFO ConfigurationStore] Saving runner settings.
[2026-04-25 16:16:02Z INFO ConfigurationStore] Settings Saved.
[2026-04-25 16:16:02Z INFO Terminal] WRITE LINE: 
[2026-04-25 16:16:02Z INFO Terminal] WRITE LINE: 
[2026-04-25 16:16:02Z INFO SystemDControlManager] Service name 'actions.runner.hitman20081-DAGMod.dagmod-agent.service' display name 'GitHub Actions Runner (hitman20081-DAGMod.dagmod-agent)' will be used for service configuration.
[2026-04-25 16:16:02Z INFO HostContext] Well known directory 'Bin': '/home/dagmod/DAGMod/actions-runner/bin'
[2026-04-25 16:16:02Z INFO HostContext] Well known directory 'Root': '/home/dagmod/DAGMod/actions-runner'
[2026-04-25 16:16:02Z INFO HostContext] Well known directory 'Bin': '/home/dagmod/DAGMod/actions-runner/bin'
[2026-04-25 16:16:02Z INFO HostContext] Well known directory 'Bin': '/home/dagmod/DAGMod/actions-runner/bin'
[2026-04-25 16:16:02Z INFO HostContext] Well known directory 'Root': '/home/dagmod/DAGMod/actions-runner'
[2026-04-25 16:16:02Z INFO UnixUtil] Which2: 'chmod'
[2026-04-25 16:16:02Z INFO UnixUtil] Location: '/usr/bin/chmod'
[2026-04-25 16:16:02Z INFO UnixUtil] Running /usr/bin/chmod 755 "/home/dagmod/DAGMod/actions-runner/svc.sh"
[2026-04-25 16:16:02Z INFO ProcessInvokerWrapper] Starting process:
[2026-04-25 16:16:02Z INFO ProcessInvokerWrapper]   File name: '/usr/bin/chmod'
[2026-04-25 16:16:02Z INFO ProcessInvokerWrapper]   Arguments: '755 "/home/dagmod/DAGMod/actions-runner/svc.sh"'
[2026-04-25 16:16:02Z INFO ProcessInvokerWrapper]   Working directory: '/home/dagmod/DAGMod/actions-runner'
[2026-04-25 16:16:02Z INFO ProcessInvokerWrapper]   Require exit code zero: 'True'
[2026-04-25 16:16:02Z INFO ProcessInvokerWrapper]   Encoding web name:  ; code page: ''
[2026-04-25 16:16:02Z INFO ProcessInvokerWrapper]   Force kill process on cancellation: 'False'
[2026-04-25 16:16:02Z INFO ProcessInvokerWrapper]   Redirected STDIN: 'False'
[2026-04-25 16:16:02Z INFO ProcessInvokerWrapper]   Persist current code page: 'False'
[2026-04-25 16:16:02Z INFO ProcessInvokerWrapper]   Keep redirected STDIN open: 'False'
[2026-04-25 16:16:02Z INFO ProcessInvokerWrapper]   High priority process: 'False'
[2026-04-25 16:16:02Z INFO ProcessInvokerWrapper] Updated oom_score_adj to 500 for PID: 21779.
[2026-04-25 16:16:02Z INFO ProcessInvokerWrapper] STDOUT/STDERR stream read finished.
[2026-04-25 16:16:02Z INFO ProcessInvokerWrapper] STDOUT/STDERR stream read finished.
[2026-04-25 16:16:02Z INFO ProcessInvokerWrapper] Process started with process id 21779, waiting for process exit.
[2026-04-25 16:16:02Z INFO ProcessInvokerWrapper] Finished process 21779 with exit code 0, and elapsed time 00:00:00.0023012.
[2026-04-25 16:16:02Z INFO Listener] Runner execution has finished with return code 0
